// Jest Snapshot v1, https://goo.gl/fbAQLP

exports[`generateLinkedList should generate linked list from values 2: {
      value: 11,
      next: {
        value: 22,
        next: {
          value: 33,
          next: { value: 44, next: { value: null, next: null } },
        },
      },
    } 1`] = `
{
  "next": {
    "next": {
      "next": {
        "next": {
          "next": null,
          "value": null,
        },
        "value": 44,
      },
      "value": 33,
    },
    "value": 22,
  },
  "value": 11,
}
`;
